INFO Server started
INFO User logged in
ERROR Connection failed
INFO Request received
WARNING Disk usage high
ERROR Database connection failed
INFO Backup started
ERROR Permission denied
INFO Backup completed
WARNING Memory usage high
ERROR Permission denied
ERROR Connection failed
INFO User logged in
INFO Request received
WARNING Backup failed
WARNING Backup failed
error connection failed
Failed password for user1
Failed password for user1
Failed password for user1
Failed password for user1
Failed password for user1
